Copyright 1986-2017 Xilinx, Inc. All Rights Reserved.
--------------------------------------------------------------------------------------
| Tool Version : Vivado v.2017.2.1 (win64) Build 1957588 Wed Aug  9 16:32:24 MDT 2017
| Date         : Sun Dec  3 01:34:56 2017
| Host         : A205-36 running 64-bit Service Pack 1  (build 7601)
| Command      : report_control_sets -verbose -file game_top_control_sets_placed.rpt
| Design       : game_top
| Device       : xc7a100t
--------------------------------------------------------------------------------------

Control Set Information

Table of Contents
-----------------
1. Summary
2. Flip-Flop Distribution
3. Detailed Control Set Information

1. Summary
----------

+----------------------------------------------------------+-------+
|                          Status                          | Count |
+----------------------------------------------------------+-------+
| Number of unique control sets                            |    18 |
| Unused register locations in slices containing registers |    73 |
+----------------------------------------------------------+-------+


2. Flip-Flop Distribution
-------------------------

+--------------+-----------------------+------------------------+-----------------+--------------+
| Clock Enable | Synchronous Set/Reset | Asynchronous Set/Reset | Total Registers | Total Slices |
+--------------+-----------------------+------------------------+-----------------+--------------+
| No           | No                    | No                     |              52 |           29 |
| No           | No                    | Yes                    |               0 |            0 |
| No           | Yes                   | No                     |              32 |           12 |
| Yes          | No                    | No                     |             114 |           44 |
| Yes          | No                    | Yes                    |               0 |            0 |
| Yes          | Yes                   | No                     |               9 |            4 |
+--------------+-----------------------+------------------------+-----------------+--------------+


3. Detailed Control Set Information
-----------------------------------

+-------------------------+-----------------------------------+---------------------------+------------------+----------------+
|       Clock Signal      |           Enable Signal           |      Set/Reset Signal     | Slice Load Count | Bel Load Count |
+-------------------------+-----------------------------------+---------------------------+------------------+----------------+
|  accel0/p_1_in          |                                   | accel0/ACL_CSN_i_1_n_0    |                1 |              1 |
|  accel0/ACL_SCLK_OBUF   |                                   |                           |                5 |              8 |
|  accel0/p_1_in          | accel0/xData[7]_i_1_n_0           |                           |                3 |              8 |
|  accel0/p_1_in          | accel0/yData[7]_i_1_n_0           |                           |                3 |              8 |
|  clk_IBUF               |                                   |                           |                2 |              8 |
|  disp_clk/inst/clk_out1 | display/vcount_0                  | display/vcount[9]_i_1_n_0 |                4 |              9 |
|  accel0/p_1_in          |                                   |                           |                4 |             10 |
|  disp_clk/inst/clk_out1 |                                   | display/vcount_0          |                5 |             10 |
|  disp_clk/inst/clk_out1 | draw_mod/aBall[0][10]_i_1_n_0     |                           |                3 |             11 |
|  disp_clk/inst/clk_out1 | draw_mod/aBall[1][10]_i_1_n_0     |                           |                3 |             11 |
|  disp_clk/inst/clk_out1 | draw_mod/aObstacle                |                           |                4 |             11 |
|  disp_clk/inst/clk_out1 | draw_mod/aObstacle[0][10]_i_1_n_0 |                           |                4 |             11 |
|  disp_clk/inst/clk_out1 | draw_mod/aTarget                  |                           |                4 |             11 |
|  disp_clk/inst/clk_out1 | draw_mod/aTarget[0][10]_i_1_n_0   |                           |                5 |             11 |
|  disp_clk/inst/clk_out1 | draw_mod/aWall                    |                           |                4 |             11 |
|  disp_clk/inst/clk_out1 | display/E[0]                      |                           |               11 |             21 |
|  display/CLK            |                                   | ctrBtn_IBUF               |                6 |             21 |
|  disp_clk/inst/clk_out1 |                                   |                           |               18 |             26 |
+-------------------------+-----------------------------------+---------------------------+------------------+----------------+


+--------+-----------------------+
| Fanout | Number of ControlSets |
+--------+-----------------------+
| 1      |                     1 |
| 8      |                     4 |
| 9      |                     1 |
| 10     |                     2 |
| 11     |                     7 |
| 16+    |                     3 |
+--------+-----------------------+


